[2026-05-28T14:36:02.063+0000] {local_task_job_runner.py:120} INFO - ::group::Pre task execution logs
[2026-05-28T14:36:02.074+0000] {taskinstance.py:2076} INFO - Dependencies all met for dep_context=non-requeueable deps ti=<TaskInstance: minio_to_snowflake_banking.load_snowflake scheduled__2026-05-28T14:00:00+00:00 [queued]>
[2026-05-28T14:36:02.076+0000] {taskinstance.py:2076} INFO - Dependencies all met for dep_context=requeueable deps ti=<TaskInstance: minio_to_snowflake_banking.load_snowflake scheduled__2026-05-28T14:00:00+00:00 [queued]>
[2026-05-28T14:36:02.076+0000] {taskinstance.py:2306} INFO - Starting attempt 1 of 1
[2026-05-28T14:36:02.080+0000] {taskinstance.py:2330} INFO - Executing <Task(PythonOperator): load_snowflake> on 2026-05-28 14:00:00+00:00
[2026-05-28T14:36:02.084+0000] {logging_mixin.py:188} WARNING - /home/***/.local/lib/python3.12/site-packages/***/task/task_runner/standard_task_runner.py:62 DeprecationWarning: This process (pid=1076) is multi-threaded, use of fork() may lead to deadlocks in the child.
[2026-05-28T14:36:02.083+0000] {standard_task_runner.py:90} INFO - Running: ['***', 'tasks', 'run', 'minio_to_snowflake_banking', 'load_snowflake', 'scheduled__2026-05-28T14:00:00+00:00', '--job-id', '87', '--raw', '--subdir', 'DAGS_FOLDER/minio_to_snowflake_dag.py', '--cfg-path', '/tmp/tmpr3qon1va']
[2026-05-28T14:36:02.084+0000] {standard_task_runner.py:91} INFO - Job 87: Subtask load_snowflake
[2026-05-28T14:36:02.084+0000] {standard_task_runner.py:64} INFO - Started process 1093 to run task
[2026-05-28T14:36:02.110+0000] {task_command.py:426} INFO - Running <TaskInstance: minio_to_snowflake_banking.load_snowflake scheduled__2026-05-28T14:00:00+00:00 [running]> on host a173230b67f8
[2026-05-28T14:36:02.141+0000] {taskinstance.py:2648} INFO - Exporting env vars: AIRFLOW_CTX_DAG_OWNER='***' AIRFLOW_CTX_DAG_ID='minio_to_snowflake_banking' AIRFLOW_CTX_TASK_ID='load_snowflake' AIRFLOW_CTX_EXECUTION_DATE='2026-05-28T14:00:00+00:00' AIRFLOW_CTX_TRY_NUMBER='1' AIRFLOW_CTX_DAG_RUN_ID='scheduled__2026-05-28T14:00:00+00:00'
[2026-05-28T14:36:02.141+0000] {taskinstance.py:430} INFO - ::endgroup::
[2026-05-28T14:36:02.221+0000] {connection.py:626} INFO - Snowflake Connector for Python Version: 4.5.0, Python Version: 3.12.4, Platform: Linux-6.12.76-linuxkit-aarch64-with-glibc2.36
[2026-05-28T14:36:02.221+0000] {connection.py:1735} INFO - Connecting to GLOBAL Snowflake domain
[2026-05-28T14:36:05.381+0000] {logging_mixin.py:188} INFO - Uploaded /tmp/minio_downloads/customers_203627294205.parquet -> @customers stage
[2026-05-28T14:36:05.471+0000] {logging_mixin.py:188} INFO - Uploaded /tmp/minio_downloads/customers_144426478307.parquet -> @customers stage
[2026-05-28T14:36:05.839+0000] {logging_mixin.py:188} INFO - Uploaded /tmp/minio_downloads/customers_145628398590.parquet -> @customers stage
[2026-05-28T14:36:06.199+0000] {logging_mixin.py:188} INFO - Uploaded /tmp/minio_downloads/customers_153505197440.parquet -> @customers stage
[2026-05-28T14:36:07.669+0000] {logging_mixin.py:188} INFO - Data loaded into customers
[2026-05-28T14:36:08.202+0000] {logging_mixin.py:188} INFO - Uploaded /tmp/minio_downloads/accounts_203641251110.parquet -> @accounts stage
[2026-05-28T14:36:08.327+0000] {logging_mixin.py:188} INFO - Uploaded /tmp/minio_downloads/accounts_144430443172.parquet -> @accounts stage
[2026-05-28T14:36:08.897+0000] {logging_mixin.py:188} INFO - Data loaded into accounts
[2026-05-28T14:36:08.975+0000] {logging_mixin.py:188} INFO - Uploaded /tmp/minio_downloads/transactions_203655254172.parquet -> @transactions stage
[2026-05-28T14:36:09.035+0000] {logging_mixin.py:188} INFO - Uploaded /tmp/minio_downloads/transactions_144434380750.parquet -> @transactions stage
[2026-05-28T14:36:09.115+0000] {logging_mixin.py:188} INFO - Uploaded /tmp/minio_downloads/transactions_145643212134.parquet -> @transactions stage
[2026-05-28T14:36:09.223+0000] {logging_mixin.py:188} INFO - Uploaded /tmp/minio_downloads/transactions_153529950240.parquet -> @transactions stage
[2026-05-28T14:36:10.434+0000] {logging_mixin.py:188} INFO - Data loaded into transactions
[2026-05-28T14:36:10.635+0000] {python.py:237} INFO - Done. Returned value was: None
[2026-05-28T14:36:10.635+0000] {taskinstance.py:441} INFO - ::group::Post task execution logs
[2026-05-28T14:36:10.643+0000] {taskinstance.py:1206} INFO - Marking task as SUCCESS. dag_id=minio_to_snowflake_banking, task_id=load_snowflake, run_id=scheduled__2026-05-28T14:00:00+00:00, execution_date=20260528T140000, start_date=20260528T143602, end_date=20260528T143610
[2026-05-28T14:36:10.698+0000] {local_task_job_runner.py:243} INFO - Task exited with return code 0
[2026-05-28T14:36:10.709+0000] {taskinstance.py:3503} INFO - 0 downstream tasks scheduled from follow-on schedule check
[2026-05-28T14:36:10.710+0000] {local_task_job_runner.py:222} INFO - ::endgroup::
