[2026-05-27T19:53:30.183+0000] {local_task_job_runner.py:120} INFO - ::group::Pre task execution logs
[2026-05-27T19:53:30.193+0000] {taskinstance.py:2076} INFO - Dependencies all met for dep_context=non-requeueable deps ti=<TaskInstance: minio_to_snowflake_banking.load_snowflake manual__2026-05-27T19:53:26.396520+00:00 [queued]>
[2026-05-27T19:53:30.196+0000] {taskinstance.py:2076} INFO - Dependencies all met for dep_context=requeueable deps ti=<TaskInstance: minio_to_snowflake_banking.load_snowflake manual__2026-05-27T19:53:26.396520+00:00 [queued]>
[2026-05-27T19:53:30.196+0000] {taskinstance.py:2306} INFO - Starting attempt 1 of 1
[2026-05-27T19:53:30.201+0000] {taskinstance.py:2330} INFO - Executing <Task(PythonOperator): load_snowflake> on 2026-05-27 19:53:26.396520+00:00
[2026-05-27T19:53:30.206+0000] {logging_mixin.py:188} WARNING - /home/***/.local/lib/python3.12/site-packages/***/task/task_runner/standard_task_runner.py:62 DeprecationWarning: This process (pid=2002) is multi-threaded, use of fork() may lead to deadlocks in the child.
[2026-05-27T19:53:30.206+0000] {standard_task_runner.py:90} INFO - Running: ['***', 'tasks', 'run', 'minio_to_snowflake_banking', 'load_snowflake', 'manual__2026-05-27T19:53:26.396520+00:00', '--job-id', '65', '--raw', '--subdir', 'DAGS_FOLDER/minio_to_snowflake_dag.py', '--cfg-path', '/tmp/tmp6a95mznt']
[2026-05-27T19:53:30.207+0000] {standard_task_runner.py:91} INFO - Job 65: Subtask load_snowflake
[2026-05-27T19:53:30.207+0000] {standard_task_runner.py:64} INFO - Started process 2022 to run task
[2026-05-27T19:53:30.231+0000] {task_command.py:426} INFO - Running <TaskInstance: minio_to_snowflake_banking.load_snowflake manual__2026-05-27T19:53:26.396520+00:00 [running]> on host a173230b67f8
[2026-05-27T19:53:30.261+0000] {taskinstance.py:2648} INFO - Exporting env vars: AIRFLOW_CTX_DAG_OWNER='***' AIRFLOW_CTX_DAG_ID='minio_to_snowflake_banking' AIRFLOW_CTX_TASK_ID='load_snowflake' AIRFLOW_CTX_EXECUTION_DATE='2026-05-27T19:53:26.396520+00:00' AIRFLOW_CTX_TRY_NUMBER='1' AIRFLOW_CTX_DAG_RUN_ID='manual__2026-05-27T19:53:26.396520+00:00'
[2026-05-27T19:53:30.262+0000] {taskinstance.py:430} INFO - ::endgroup::
[2026-05-27T19:53:30.352+0000] {connection.py:626} INFO - Snowflake Connector for Python Version: 4.5.0, Python Version: 3.12.4, Platform: Linux-6.12.76-linuxkit-aarch64-with-glibc2.36
[2026-05-27T19:53:30.353+0000] {connection.py:1735} INFO - Connecting to GLOBAL Snowflake domain
[2026-05-27T19:53:32.949+0000] {taskinstance.py:441} INFO - ::group::Post task execution logs
[2026-05-27T19:53:32.950+0000] {taskinstance.py:2905} ERROR - Task failed with exception
Traceback (most recent call last):
  File "/home/airflow/.local/lib/python3.12/site-packages/airflow/models/taskinstance.py", line 465, in _execute_task
    result = _execute_callable(context=context, **execute_callable_kwargs)
             ^^^^^^^^^^^^^^^^^^^^^^^^^^^^^^^^^^^^^^^^^^^^^^^^^^^^^^^^^^^^^
  File "/home/airflow/.local/lib/python3.12/site-packages/airflow/models/taskinstance.py", line 432, in _execute_callable
    return execute_callable(context=context, **execute_callable_kwargs)
           ^^^^^^^^^^^^^^^^^^^^^^^^^^^^^^^^^^^^^^^^^^^^^^^^^^^^^^^^^^^^
  File "/home/airflow/.local/lib/python3.12/site-packages/airflow/models/baseoperator.py", line 401, in wrapper
    return func(self, *args, **kwargs)
           ^^^^^^^^^^^^^^^^^^^^^^^^^^^
  File "/home/airflow/.local/lib/python3.12/site-packages/airflow/operators/python.py", line 235, in execute
    return_value = self.execute_callable()
                   ^^^^^^^^^^^^^^^^^^^^^^^
  File "/home/airflow/.local/lib/python3.12/site-packages/airflow/operators/python.py", line 252, in execute_callable
    return self.python_callable(*self.op_args, **self.op_kwargs)
           ^^^^^^^^^^^^^^^^^^^^^^^^^^^^^^^^^^^^^^^^^^^^^^^^^^^^^
  File "/opt/airflow/dags/minio_to_snowflake_dag.py", line 74, in load_to_snowflake
    cur.execute(f"PUT file://{f} @%{table}_temp")
  File "/home/airflow/.local/lib/python3.12/site-packages/snowflake/connector/cursor.py", line 1142, in execute
    Error.errorhandler_wrapper(self.connection, self, error_class, errvalue)
  File "/home/airflow/.local/lib/python3.12/site-packages/snowflake/connector/errors.py", line 298, in errorhandler_wrapper
    handed_over = Error.hand_to_other_handler(
                  ^^^^^^^^^^^^^^^^^^^^^^^^^^^^
  File "/home/airflow/.local/lib/python3.12/site-packages/snowflake/connector/errors.py", line 354, in hand_to_other_handler
    cursor.errorhandler(connection, cursor, error_class, error_value)
  File "/home/airflow/.local/lib/python3.12/site-packages/snowflake/connector/errors.py", line 229, in default_errorhandler
    raise error_class(
snowflake.connector.errors.ProgrammingError: 002003 (02000): 01c4a7a9-0001-7d19-0002-6b7a00018622: SQL compilation error:
Stage 'BANKING.RAW."%CUSTOMERS_TEMP"' does not exist or not authorized.
[2026-05-27T19:53:32.959+0000] {taskinstance.py:1206} INFO - Marking task as FAILED. dag_id=minio_to_snowflake_banking, task_id=load_snowflake, run_id=manual__2026-05-27T19:53:26.396520+00:00, execution_date=20260527T195326, start_date=20260527T195330, end_date=20260527T195332
[2026-05-27T19:53:32.965+0000] {standard_task_runner.py:110} ERROR - Failed to execute job 65 for task load_snowflake (002003 (02000): 01c4a7a9-0001-7d19-0002-6b7a00018622: SQL compilation error:
Stage 'BANKING.RAW."%CUSTOMERS_TEMP"' does not exist or not authorized.; 2022)
[2026-05-27T19:53:32.997+0000] {local_task_job_runner.py:243} INFO - Task exited with return code 1
[2026-05-27T19:53:33.008+0000] {taskinstance.py:3503} INFO - 0 downstream tasks scheduled from follow-on schedule check
[2026-05-27T19:53:33.008+0000] {local_task_job_runner.py:222} INFO - ::endgroup::
