[2026-05-27T19:16:01.215+0000] {local_task_job_runner.py:120} INFO - ::group::Pre task execution logs
[2026-05-27T19:16:01.225+0000] {taskinstance.py:2076} INFO - Dependencies all met for dep_context=non-requeueable deps ti=<TaskInstance: minio_to_snowflake_banking.download_minio scheduled__2026-05-27T19:15:00+00:00 [queued]>
[2026-05-27T19:16:01.227+0000] {taskinstance.py:2076} INFO - Dependencies all met for dep_context=requeueable deps ti=<TaskInstance: minio_to_snowflake_banking.download_minio scheduled__2026-05-27T19:15:00+00:00 [queued]>
[2026-05-27T19:16:01.227+0000] {taskinstance.py:2306} INFO - Starting attempt 1 of 2
[2026-05-27T19:16:01.231+0000] {taskinstance.py:2330} INFO - Executing <Task(PythonOperator): download_minio> on 2026-05-27 19:15:00+00:00
[2026-05-27T19:16:01.234+0000] {logging_mixin.py:188} WARNING - /home/***/.local/lib/python3.12/site-packages/***/task/task_runner/standard_task_runner.py:62 DeprecationWarning: This process (pid=1098) is multi-threaded, use of fork() may lead to deadlocks in the child.
[2026-05-27T19:16:01.234+0000] {standard_task_runner.py:90} INFO - Running: ['***', 'tasks', 'run', 'minio_to_snowflake_banking', 'download_minio', 'scheduled__2026-05-27T19:15:00+00:00', '--job-id', '42', '--raw', '--subdir', 'DAGS_FOLDER/minio_to_snowflake_dag.py', '--cfg-path', '/tmp/tmp1cwqt89c']
[2026-05-27T19:16:01.235+0000] {standard_task_runner.py:91} INFO - Job 42: Subtask download_minio
[2026-05-27T19:16:01.235+0000] {standard_task_runner.py:64} INFO - Started process 1115 to run task
[2026-05-27T19:16:01.266+0000] {task_command.py:426} INFO - Running <TaskInstance: minio_to_snowflake_banking.download_minio scheduled__2026-05-27T19:15:00+00:00 [running]> on host a173230b67f8
[2026-05-27T19:16:01.294+0000] {taskinstance.py:2648} INFO - Exporting env vars: AIRFLOW_CTX_DAG_OWNER='***' AIRFLOW_CTX_DAG_ID='minio_to_snowflake_banking' AIRFLOW_CTX_TASK_ID='download_minio' AIRFLOW_CTX_EXECUTION_DATE='2026-05-27T19:15:00+00:00' AIRFLOW_CTX_TRY_NUMBER='1' AIRFLOW_CTX_DAG_RUN_ID='scheduled__2026-05-27T19:15:00+00:00'
[2026-05-27T19:16:01.295+0000] {taskinstance.py:430} INFO - ::endgroup::
[2026-05-27T19:16:01.410+0000] {logging_mixin.py:188} INFO - Downloaded customers/date=2026-05-27/customers_123439843415.parquet -> /tmp/minio_downloads/customers_123439843415.parquet
[2026-05-27T19:16:01.431+0000] {logging_mixin.py:188} INFO - Downloaded accounts/date=2026-05-27/accounts_123453774859.parquet -> /tmp/minio_downloads/accounts_123453774859.parquet
[2026-05-27T19:16:01.442+0000] {logging_mixin.py:188} INFO - Downloaded transactions/date=2026-05-27/transactions_123507768584.parquet -> /tmp/minio_downloads/transactions_123507768584.parquet
[2026-05-27T19:16:01.442+0000] {python.py:237} INFO - Done. Returned value was: {'customers': ['/tmp/minio_downloads/customers_123439843415.parquet'], 'accounts': ['/tmp/minio_downloads/accounts_123453774859.parquet'], 'transactions': ['/tmp/minio_downloads/transactions_123507768584.parquet']}
[2026-05-27T19:16:01.442+0000] {taskinstance.py:441} INFO - ::group::Post task execution logs
[2026-05-27T19:16:01.451+0000] {taskinstance.py:1206} INFO - Marking task as SUCCESS. dag_id=minio_to_snowflake_banking, task_id=download_minio, run_id=scheduled__2026-05-27T19:15:00+00:00, execution_date=20260527T191500, start_date=20260527T191601, end_date=20260527T191601
[2026-05-27T19:16:01.462+0000] {local_task_job_runner.py:243} INFO - Task exited with return code 0
[2026-05-27T19:16:01.471+0000] {taskinstance.py:3503} INFO - 1 downstream tasks scheduled from follow-on schedule check
[2026-05-27T19:16:01.472+0000] {local_task_job_runner.py:222} INFO - ::endgroup::
