[2026-05-27T19:05:15.548+0000] {local_task_job_runner.py:120} INFO - ::group::Pre task execution logs
[2026-05-27T19:05:15.558+0000] {taskinstance.py:2076} INFO - Dependencies all met for dep_context=non-requeueable deps ti=<TaskInstance: minio_to_snowflake_banking.load_snowflake scheduled__2026-05-27T19:02:00+00:00 [queued]>
[2026-05-27T19:05:15.560+0000] {taskinstance.py:2076} INFO - Dependencies all met for dep_context=requeueable deps ti=<TaskInstance: minio_to_snowflake_banking.load_snowflake scheduled__2026-05-27T19:02:00+00:00 [queued]>
[2026-05-27T19:05:15.560+0000] {taskinstance.py:2306} INFO - Starting attempt 2 of 2
[2026-05-27T19:05:15.565+0000] {taskinstance.py:2330} INFO - Executing <Task(PythonOperator): load_snowflake> on 2026-05-27 19:02:00+00:00
[2026-05-27T19:05:15.569+0000] {logging_mixin.py:188} WARNING - /home/***/.local/lib/python3.12/site-packages/***/task/task_runner/standard_task_runner.py:62 DeprecationWarning: This process (pid=363) is multi-threaded, use of fork() may lead to deadlocks in the child.
[2026-05-27T19:05:15.569+0000] {standard_task_runner.py:64} INFO - Started process 380 to run task
[2026-05-27T19:05:15.568+0000] {standard_task_runner.py:90} INFO - Running: ['***', 'tasks', 'run', 'minio_to_snowflake_banking', 'load_snowflake', 'scheduled__2026-05-27T19:02:00+00:00', '--job-id', '19', '--raw', '--subdir', 'DAGS_FOLDER/minio_to_snowflake_dag.py', '--cfg-path', '/tmp/tmp145b4lwb']
[2026-05-27T19:05:15.569+0000] {standard_task_runner.py:91} INFO - Job 19: Subtask load_snowflake
[2026-05-27T19:05:15.597+0000] {task_command.py:426} INFO - Running <TaskInstance: minio_to_snowflake_banking.load_snowflake scheduled__2026-05-27T19:02:00+00:00 [running]> on host a173230b67f8
[2026-05-27T19:05:15.624+0000] {taskinstance.py:2648} INFO - Exporting env vars: AIRFLOW_CTX_DAG_OWNER='***' AIRFLOW_CTX_DAG_ID='minio_to_snowflake_banking' AIRFLOW_CTX_TASK_ID='load_snowflake' AIRFLOW_CTX_EXECUTION_DATE='2026-05-27T19:02:00+00:00' AIRFLOW_CTX_TRY_NUMBER='2' AIRFLOW_CTX_DAG_RUN_ID='scheduled__2026-05-27T19:02:00+00:00'
[2026-05-27T19:05:15.624+0000] {taskinstance.py:430} INFO - ::endgroup::
[2026-05-27T19:05:15.699+0000] {connection.py:626} INFO - Snowflake Connector for Python Version: 4.5.0, Python Version: 3.12.4, Platform: Linux-6.12.76-linuxkit-aarch64-with-glibc2.36
[2026-05-27T19:05:15.700+0000] {connection.py:1735} INFO - Connecting to GLOBAL Snowflake domain
[2026-05-27T19:05:15.701+0000] {taskinstance.py:441} INFO - ::group::Post task execution logs
[2026-05-27T19:05:15.702+0000] {taskinstance.py:2905} ERROR - Task failed with exception
Traceback (most recent call last):
  File "/home/airflow/.local/lib/python3.12/site-packages/airflow/models/taskinstance.py", line 465, in _execute_task
    result = _execute_callable(context=context, **execute_callable_kwargs)
             ^^^^^^^^^^^^^^^^^^^^^^^^^^^^^^^^^^^^^^^^^^^^^^^^^^^^^^^^^^^^^
  File "/home/airflow/.local/lib/python3.12/site-packages/airflow/models/taskinstance.py", line 432, in _execute_callable
    return execute_callable(context=context, **execute_callable_kwargs)
           ^^^^^^^^^^^^^^^^^^^^^^^^^^^^^^^^^^^^^^^^^^^^^^^^^^^^^^^^^^^^
  File "/home/airflow/.local/lib/python3.12/site-packages/airflow/models/baseoperator.py", line 401, in wrapper
    return func(self, *args, **kwargs)
           ^^^^^^^^^^^^^^^^^^^^^^^^^^^
  File "/home/airflow/.local/lib/python3.12/site-packages/airflow/operators/python.py", line 235, in execute
    return_value = self.execute_callable()
                   ^^^^^^^^^^^^^^^^^^^^^^^
  File "/home/airflow/.local/lib/python3.12/site-packages/airflow/operators/python.py", line 252, in execute_callable
    return self.python_callable(*self.op_args, **self.op_kwargs)
           ^^^^^^^^^^^^^^^^^^^^^^^^^^^^^^^^^^^^^^^^^^^^^^^^^^^^^
  File "/opt/airflow/dags/minio_to_snowflake_dag.py", line 58, in load_to_snowflake
    conn = snowflake.connector.connect(
           ^^^^^^^^^^^^^^^^^^^^^^^^^^^^
  File "/home/airflow/.local/lib/python3.12/site-packages/snowflake/connector/__init__.py", line 64, in Connect
    return SnowflakeConnection(**kwargs)
           ^^^^^^^^^^^^^^^^^^^^^^^^^^^^^
  File "/home/airflow/.local/lib/python3.12/site-packages/snowflake/connector/connection.py", line 694, in __init__
    self.connect(**kwargs)
  File "/home/airflow/.local/lib/python3.12/site-packages/snowflake/connector/connection.py", line 1140, in connect
    self.__config(**kwargs)
  File "/home/airflow/.local/lib/python3.12/site-packages/snowflake/connector/connection.py", line 1856, in __config
    self._validate_account(self._account)
  File "/home/airflow/.local/lib/python3.12/site-packages/snowflake/connector/connection.py", line 711, in _validate_account
    Error.errorhandler_wrapper(
  File "/home/airflow/.local/lib/python3.12/site-packages/snowflake/connector/errors.py", line 298, in errorhandler_wrapper
    handed_over = Error.hand_to_other_handler(
                  ^^^^^^^^^^^^^^^^^^^^^^^^^^^^
  File "/home/airflow/.local/lib/python3.12/site-packages/snowflake/connector/errors.py", line 361, in hand_to_other_handler
    connection.errorhandler(connection, cursor, error_class, error_value)
  File "/home/airflow/.local/lib/python3.12/site-packages/snowflake/connector/errors.py", line 229, in default_errorhandler
    raise error_class(
snowflake.connector.errors.ProgrammingError: 251001: 251001: Invalid account identifier: only letters, digits, '_' and '-' allowed; no dots or slashes
[2026-05-27T19:05:15.705+0000] {taskinstance.py:1206} INFO - Marking task as FAILED. dag_id=minio_to_snowflake_banking, task_id=load_snowflake, run_id=scheduled__2026-05-27T19:02:00+00:00, execution_date=20260527T190200, start_date=20260527T190515, end_date=20260527T190515
[2026-05-27T19:05:15.708+0000] {standard_task_runner.py:110} ERROR - Failed to execute job 19 for task load_snowflake (251001: 251001: Invalid account identifier: only letters, digits, '_' and '-' allowed; no dots or slashes; 380)
[2026-05-27T19:05:15.750+0000] {local_task_job_runner.py:243} INFO - Task exited with return code 1
[2026-05-27T19:05:15.758+0000] {taskinstance.py:3503} INFO - 0 downstream tasks scheduled from follow-on schedule check
[2026-05-27T19:05:15.758+0000] {local_task_job_runner.py:222} INFO - ::endgroup::
