[2026-05-28T14:38:44.410+0000] {local_task_job_runner.py:120} INFO - ::group::Pre task execution logs
[2026-05-28T14:38:44.420+0000] {taskinstance.py:2076} INFO - Dependencies all met for dep_context=non-requeueable deps ti=<TaskInstance: SCD2_snapshots.dbt_run_marts manual__2026-05-28T14:38:33.793433+00:00 [queued]>
[2026-05-28T14:38:44.422+0000] {taskinstance.py:2076} INFO - Dependencies all met for dep_context=requeueable deps ti=<TaskInstance: SCD2_snapshots.dbt_run_marts manual__2026-05-28T14:38:33.793433+00:00 [queued]>
[2026-05-28T14:38:44.422+0000] {taskinstance.py:2306} INFO - Starting attempt 1 of 2
[2026-05-28T14:38:44.426+0000] {taskinstance.py:2330} INFO - Executing <Task(BashOperator): dbt_run_marts> on 2026-05-28 14:38:33.793433+00:00
[2026-05-28T14:38:44.428+0000] {standard_task_runner.py:64} INFO - Started process 1229 to run task
[2026-05-28T14:38:44.429+0000] {standard_task_runner.py:90} INFO - Running: ['***', 'tasks', 'run', 'SCD2_snapshots', 'dbt_run_marts', 'manual__2026-05-28T14:38:33.793433+00:00', '--job-id', '90', '--raw', '--subdir', 'DAGS_FOLDER/scd_snapshots.py', '--cfg-path', '/tmp/tmplqiu_si3']
[2026-05-28T14:38:44.430+0000] {standard_task_runner.py:91} INFO - Job 90: Subtask dbt_run_marts
[2026-05-28T14:38:44.449+0000] {task_command.py:426} INFO - Running <TaskInstance: SCD2_snapshots.dbt_run_marts manual__2026-05-28T14:38:33.793433+00:00 [running]> on host a173230b67f8
[2026-05-28T14:38:44.479+0000] {taskinstance.py:2648} INFO - Exporting env vars: AIRFLOW_CTX_DAG_OWNER='***' AIRFLOW_CTX_DAG_ID='SCD2_snapshots' AIRFLOW_CTX_TASK_ID='dbt_run_marts' AIRFLOW_CTX_EXECUTION_DATE='2026-05-28T14:38:33.793433+00:00' AIRFLOW_CTX_TRY_NUMBER='1' AIRFLOW_CTX_DAG_RUN_ID='manual__2026-05-28T14:38:33.793433+00:00'
[2026-05-28T14:38:44.479+0000] {taskinstance.py:430} INFO - ::endgroup::
[2026-05-28T14:38:44.542+0000] {subprocess.py:63} INFO - Tmp dir root location: /tmp
[2026-05-28T14:38:44.543+0000] {subprocess.py:75} INFO - Running command: ['/usr/bin/bash', '-c', 'cd /opt/***/banking_dbt && dbt run --select marts --profiles-dir /home/***/.dbt']
[2026-05-28T14:38:44.545+0000] {subprocess.py:86} INFO - Output:
[2026-05-28T14:38:45.342+0000] {subprocess.py:93} INFO - [0m14:38:45  Running with dbt=1.11.11
[2026-05-28T14:38:45.661+0000] {subprocess.py:93} INFO - [0m14:38:45  Registered adapter: snowflake=1.11.5
[2026-05-28T14:38:45.763+0000] {subprocess.py:93} INFO - [0m14:38:45  [[33mWARNING[0m]: Configuration paths exist in your dbt_project.yml file which do not apply to any resources.
[2026-05-28T14:38:45.763+0000] {subprocess.py:93} INFO - There are 1 unused configuration paths:
[2026-05-28T14:38:45.766+0000] {subprocess.py:93} INFO - - models.banking_dbt.example
[2026-05-28T14:38:45.834+0000] {subprocess.py:93} INFO - [0m14:38:45  Found 6 models, 2 snapshots, 3 sources, 536 macros
[2026-05-28T14:38:45.836+0000] {subprocess.py:93} INFO - [0m14:38:45
[2026-05-28T14:38:45.836+0000] {subprocess.py:93} INFO - [0m14:38:45  Concurrency: 4 threads (target='dev')
[2026-05-28T14:38:45.836+0000] {subprocess.py:93} INFO - [0m14:38:45
[2026-05-28T14:38:46.859+0000] {subprocess.py:93} INFO - [0m14:38:46  1 of 3 START sql table model analytics.dim_accounts ............................ [RUN]
[2026-05-28T14:38:46.859+0000] {subprocess.py:93} INFO - [0m14:38:46  2 of 3 START sql table model analytics.dim_customers ........................... [RUN]
[2026-05-28T14:38:46.860+0000] {subprocess.py:93} INFO - [0m14:38:46  3 of 3 START sql incremental model analytics.fact_transactions ................. [RUN]
[2026-05-28T14:38:47.647+0000] {subprocess.py:93} INFO - [0m14:38:47  2 of 3 OK created sql table model analytics.dim_customers ...................... [[32mSUCCESS 202[0m in 0.78s]
[2026-05-28T14:38:48.597+0000] {subprocess.py:93} INFO - [0m14:38:48  1 of 3 OK created sql table model analytics.dim_accounts ....................... [[32mSUCCESS 1300[0m in 1.74s]
[2026-05-28T14:38:49.299+0000] {subprocess.py:93} INFO - [0m14:38:49  3 of 3 OK created sql incremental model analytics.fact_transactions ............ [[32mSUCCESS 50[0m in 2.43s]
[2026-05-28T14:38:49.532+0000] {subprocess.py:93} INFO - [0m14:38:49
[2026-05-28T14:38:49.532+0000] {subprocess.py:93} INFO - [0m14:38:49  Finished running 1 incremental model, 2 table models in 0 hours 0 minutes and 3.70 seconds (3.70s).
[2026-05-28T14:38:49.569+0000] {subprocess.py:93} INFO - [0m14:38:49
[2026-05-28T14:38:49.570+0000] {subprocess.py:93} INFO - [0m14:38:49  [32mCompleted successfully[0m
[2026-05-28T14:38:49.570+0000] {subprocess.py:93} INFO - [0m14:38:49
[2026-05-28T14:38:49.570+0000] {subprocess.py:93} INFO - [0m14:38:49  Done. PASS=3 WARN=0 ERROR=0 SKIP=0 NO-OP=0 TOTAL=3
[2026-05-28T14:38:50.145+0000] {subprocess.py:97} INFO - Command exited with return code 0
[2026-05-28T14:38:50.145+0000] {taskinstance.py:441} INFO - ::group::Post task execution logs
[2026-05-28T14:38:50.156+0000] {taskinstance.py:1206} INFO - Marking task as SUCCESS. dag_id=SCD2_snapshots, task_id=dbt_run_marts, run_id=manual__2026-05-28T14:38:33.793433+00:00, execution_date=20260528T143833, start_date=20260528T143844, end_date=20260528T143850
[2026-05-28T14:38:50.181+0000] {local_task_job_runner.py:243} INFO - Task exited with return code 0
[2026-05-28T14:38:50.187+0000] {taskinstance.py:3503} INFO - 0 downstream tasks scheduled from follow-on schedule check
[2026-05-28T14:38:50.187+0000] {local_task_job_runner.py:222} INFO - ::endgroup::
