[2026-05-28T14:38:35.281+0000] {local_task_job_runner.py:120} INFO - ::group::Pre task execution logs
[2026-05-28T14:38:35.292+0000] {taskinstance.py:2076} INFO - Dependencies all met for dep_context=non-requeueable deps ti=<TaskInstance: SCD2_snapshots.dbt_snapshot manual__2026-05-28T14:38:33.793433+00:00 [queued]>
[2026-05-28T14:38:35.294+0000] {taskinstance.py:2076} INFO - Dependencies all met for dep_context=requeueable deps ti=<TaskInstance: SCD2_snapshots.dbt_snapshot manual__2026-05-28T14:38:33.793433+00:00 [queued]>
[2026-05-28T14:38:35.294+0000] {taskinstance.py:2306} INFO - Starting attempt 1 of 2
[2026-05-28T14:38:35.299+0000] {taskinstance.py:2330} INFO - Executing <Task(BashOperator): dbt_snapshot> on 2026-05-28 14:38:33.793433+00:00
[2026-05-28T14:38:35.301+0000] {standard_task_runner.py:64} INFO - Started process 1185 to run task
[2026-05-28T14:38:35.302+0000] {standard_task_runner.py:90} INFO - Running: ['***', 'tasks', 'run', 'SCD2_snapshots', 'dbt_snapshot', 'manual__2026-05-28T14:38:33.793433+00:00', '--job-id', '89', '--raw', '--subdir', 'DAGS_FOLDER/scd_snapshots.py', '--cfg-path', '/tmp/tmpuiu04vap']
[2026-05-28T14:38:35.303+0000] {standard_task_runner.py:91} INFO - Job 89: Subtask dbt_snapshot
[2026-05-28T14:38:35.324+0000] {task_command.py:426} INFO - Running <TaskInstance: SCD2_snapshots.dbt_snapshot manual__2026-05-28T14:38:33.793433+00:00 [running]> on host a173230b67f8
[2026-05-28T14:38:35.355+0000] {taskinstance.py:2648} INFO - Exporting env vars: AIRFLOW_CTX_DAG_OWNER='***' AIRFLOW_CTX_DAG_ID='SCD2_snapshots' AIRFLOW_CTX_TASK_ID='dbt_snapshot' AIRFLOW_CTX_EXECUTION_DATE='2026-05-28T14:38:33.793433+00:00' AIRFLOW_CTX_TRY_NUMBER='1' AIRFLOW_CTX_DAG_RUN_ID='manual__2026-05-28T14:38:33.793433+00:00'
[2026-05-28T14:38:35.356+0000] {taskinstance.py:430} INFO - ::endgroup::
[2026-05-28T14:38:35.414+0000] {subprocess.py:63} INFO - Tmp dir root location: /tmp
[2026-05-28T14:38:35.414+0000] {subprocess.py:75} INFO - Running command: ['/usr/bin/bash', '-c', 'cd /opt/***/banking_dbt && dbt snapshot --profiles-dir /home/***/.dbt']
[2026-05-28T14:38:35.417+0000] {subprocess.py:86} INFO - Output:
[2026-05-28T14:38:36.248+0000] {subprocess.py:93} INFO - [0m14:38:36  Running with dbt=1.11.11
[2026-05-28T14:38:36.571+0000] {subprocess.py:93} INFO - [0m14:38:36  Registered adapter: snowflake=1.11.5
[2026-05-28T14:38:36.684+0000] {subprocess.py:93} INFO - [0m14:38:36  [[33mWARNING[0m]: Configuration paths exist in your dbt_project.yml file which do not apply to any resources.
[2026-05-28T14:38:36.685+0000] {subprocess.py:93} INFO - There are 1 unused configuration paths:
[2026-05-28T14:38:36.685+0000] {subprocess.py:93} INFO - - models.banking_dbt.example
[2026-05-28T14:38:36.751+0000] {subprocess.py:93} INFO - [0m14:38:36  Found 6 models, 2 snapshots, 3 sources, 536 macros
[2026-05-28T14:38:36.752+0000] {subprocess.py:93} INFO - [0m14:38:36
[2026-05-28T14:38:36.752+0000] {subprocess.py:93} INFO - [0m14:38:36  Concurrency: 4 threads (target='dev')
[2026-05-28T14:38:36.753+0000] {subprocess.py:93} INFO - [0m14:38:36
[2026-05-28T14:38:38.546+0000] {subprocess.py:93} INFO - [0m14:38:38  1 of 2 START snapshot ANALYTICS.accounts_snapshot .............................. [RUN]
[2026-05-28T14:38:38.546+0000] {subprocess.py:93} INFO - [0m14:38:38  2 of 2 START snapshot ANALYTICS.customers_snapshot ............................. [RUN]
[2026-05-28T14:38:42.270+0000] {subprocess.py:93} INFO - [0m14:38:42  1 of 2 OK snapshotted ANALYTICS.accounts_snapshot .............................. [[32mSUCCESS 0[0m in 3.72s]
[2026-05-28T14:38:42.431+0000] {subprocess.py:93} INFO - [0m14:38:42  2 of 2 OK snapshotted ANALYTICS.customers_snapshot ............................. [[32mSUCCESS 1[0m in 3.88s]
[2026-05-28T14:38:42.580+0000] {subprocess.py:93} INFO - [0m14:38:42
[2026-05-28T14:38:42.581+0000] {subprocess.py:93} INFO - [0m14:38:42  Finished running 2 snapshots in 0 hours 0 minutes and 5.83 seconds (5.83s).
[2026-05-28T14:38:42.625+0000] {subprocess.py:93} INFO - [0m14:38:42
[2026-05-28T14:38:42.625+0000] {subprocess.py:93} INFO - [0m14:38:42  [32mCompleted successfully[0m
[2026-05-28T14:38:42.626+0000] {subprocess.py:93} INFO - [0m14:38:42
[2026-05-28T14:38:42.626+0000] {subprocess.py:93} INFO - [0m14:38:42  Done. PASS=2 WARN=0 ERROR=0 SKIP=0 NO-OP=0 TOTAL=2
[2026-05-28T14:38:43.261+0000] {subprocess.py:97} INFO - Command exited with return code 0
[2026-05-28T14:38:43.261+0000] {taskinstance.py:441} INFO - ::group::Post task execution logs
[2026-05-28T14:38:43.271+0000] {taskinstance.py:1206} INFO - Marking task as SUCCESS. dag_id=SCD2_snapshots, task_id=dbt_snapshot, run_id=manual__2026-05-28T14:38:33.793433+00:00, execution_date=20260528T143833, start_date=20260528T143835, end_date=20260528T143843
[2026-05-28T14:38:43.284+0000] {local_task_job_runner.py:243} INFO - Task exited with return code 0
[2026-05-28T14:38:43.290+0000] {taskinstance.py:3503} INFO - 0 downstream tasks scheduled from follow-on schedule check
[2026-05-28T14:38:43.290+0000] {local_task_job_runner.py:222} INFO - ::endgroup::
