[2026-05-27T19:18:03.095+0000] {local_task_job_runner.py:120} INFO - ::group::Pre task execution logs
[2026-05-27T19:18:03.105+0000] {taskinstance.py:2076} INFO - Dependencies all met for dep_context=non-requeueable deps ti=<TaskInstance: minio_to_snowflake_banking.load_snowflake scheduled__2026-05-27T19:17:00+00:00 [queued]>
[2026-05-27T19:18:03.107+0000] {taskinstance.py:2076} INFO - Dependencies all met for dep_context=requeueable deps ti=<TaskInstance: minio_to_snowflake_banking.load_snowflake scheduled__2026-05-27T19:17:00+00:00 [queued]>
[2026-05-27T19:18:03.107+0000] {taskinstance.py:2306} INFO - Starting attempt 1 of 2
[2026-05-27T19:18:03.111+0000] {taskinstance.py:2330} INFO - Executing <Task(PythonOperator): load_snowflake> on 2026-05-27 19:17:00+00:00
[2026-05-27T19:18:03.114+0000] {logging_mixin.py:188} WARNING - /home/***/.local/lib/python3.12/site-packages/***/task/task_runner/standard_task_runner.py:62 DeprecationWarning: This process (pid=1291) is multi-threaded, use of fork() may lead to deadlocks in the child.
[2026-05-27T19:18:03.113+0000] {standard_task_runner.py:90} INFO - Running: ['***', 'tasks', 'run', 'minio_to_snowflake_banking', 'load_snowflake', 'scheduled__2026-05-27T19:17:00+00:00', '--job-id', '49', '--raw', '--subdir', 'DAGS_FOLDER/minio_to_snowflake_dag.py', '--cfg-path', '/tmp/tmpcel5vbz_']
[2026-05-27T19:18:03.114+0000] {standard_task_runner.py:91} INFO - Job 49: Subtask load_snowflake
[2026-05-27T19:18:03.114+0000] {standard_task_runner.py:64} INFO - Started process 1308 to run task
[2026-05-27T19:18:03.140+0000] {task_command.py:426} INFO - Running <TaskInstance: minio_to_snowflake_banking.load_snowflake scheduled__2026-05-27T19:17:00+00:00 [running]> on host a173230b67f8
[2026-05-27T19:18:03.165+0000] {taskinstance.py:2648} INFO - Exporting env vars: AIRFLOW_CTX_DAG_OWNER='***' AIRFLOW_CTX_DAG_ID='minio_to_snowflake_banking' AIRFLOW_CTX_TASK_ID='load_snowflake' AIRFLOW_CTX_EXECUTION_DATE='2026-05-27T19:17:00+00:00' AIRFLOW_CTX_TRY_NUMBER='1' AIRFLOW_CTX_DAG_RUN_ID='scheduled__2026-05-27T19:17:00+00:00'
[2026-05-27T19:18:03.166+0000] {taskinstance.py:430} INFO - ::endgroup::
[2026-05-27T19:18:03.231+0000] {connection.py:626} INFO - Snowflake Connector for Python Version: 4.5.0, Python Version: 3.12.4, Platform: Linux-6.12.76-linuxkit-aarch64-with-glibc2.36
[2026-05-27T19:18:03.232+0000] {connection.py:1735} INFO - Connecting to GLOBAL Snowflake domain
[2026-05-27T19:18:06.281+0000] {logging_mixin.py:188} INFO - Uploaded /tmp/minio_downloads/customers_123439843415.parquet -> @customers stage
[2026-05-27T19:18:06.647+0000] {logging_mixin.py:188} INFO - Data loaded into customers
[2026-05-27T19:18:06.730+0000] {logging_mixin.py:188} INFO - Uploaded /tmp/minio_downloads/accounts_123453774859.parquet -> @accounts stage
[2026-05-27T19:18:07.050+0000] {logging_mixin.py:188} INFO - Data loaded into accounts
[2026-05-27T19:18:07.141+0000] {logging_mixin.py:188} INFO - Uploaded /tmp/minio_downloads/transactions_123507768584.parquet -> @transactions stage
[2026-05-27T19:18:07.553+0000] {logging_mixin.py:188} INFO - Data loaded into transactions
[2026-05-27T19:18:07.620+0000] {python.py:237} INFO - Done. Returned value was: None
[2026-05-27T19:18:07.620+0000] {taskinstance.py:441} INFO - ::group::Post task execution logs
[2026-05-27T19:18:07.630+0000] {taskinstance.py:1206} INFO - Marking task as SUCCESS. dag_id=minio_to_snowflake_banking, task_id=load_snowflake, run_id=scheduled__2026-05-27T19:17:00+00:00, execution_date=20260527T191700, start_date=20260527T191803, end_date=20260527T191807
[2026-05-27T19:18:07.674+0000] {local_task_job_runner.py:243} INFO - Task exited with return code 0
[2026-05-27T19:18:07.685+0000] {taskinstance.py:3503} INFO - 0 downstream tasks scheduled from follow-on schedule check
[2026-05-27T19:18:07.685+0000] {local_task_job_runner.py:222} INFO - ::endgroup::
