[2026-05-27T19:09:01.724+0000] {local_task_job_runner.py:120} INFO - ::group::Pre task execution logs
[2026-05-27T19:09:01.733+0000] {taskinstance.py:2076} INFO - Dependencies all met for dep_context=non-requeueable deps ti=<TaskInstance: minio_to_snowflake_banking.download_minio scheduled__2026-05-27T19:08:00+00:00 [queued]>
[2026-05-27T19:09:01.735+0000] {taskinstance.py:2076} INFO - Dependencies all met for dep_context=requeueable deps ti=<TaskInstance: minio_to_snowflake_banking.download_minio scheduled__2026-05-27T19:08:00+00:00 [queued]>
[2026-05-27T19:09:01.735+0000] {taskinstance.py:2306} INFO - Starting attempt 1 of 2
[2026-05-27T19:09:01.739+0000] {taskinstance.py:2330} INFO - Executing <Task(PythonOperator): download_minio> on 2026-05-27 19:08:00+00:00
[2026-05-27T19:09:01.744+0000] {logging_mixin.py:188} WARNING - /home/***/.local/lib/python3.12/site-packages/***/task/task_runner/standard_task_runner.py:62 DeprecationWarning: This process (pid=631) is multi-threaded, use of fork() may lead to deadlocks in the child.
[2026-05-27T19:09:01.743+0000] {standard_task_runner.py:90} INFO - Running: ['***', 'tasks', 'run', 'minio_to_snowflake_banking', 'download_minio', 'scheduled__2026-05-27T19:08:00+00:00', '--job-id', '28', '--raw', '--subdir', 'DAGS_FOLDER/minio_to_snowflake_dag.py', '--cfg-path', '/tmp/tmpep9cn5ut']
[2026-05-27T19:09:01.744+0000] {standard_task_runner.py:91} INFO - Job 28: Subtask download_minio
[2026-05-27T19:09:01.744+0000] {standard_task_runner.py:64} INFO - Started process 648 to run task
[2026-05-27T19:09:01.770+0000] {task_command.py:426} INFO - Running <TaskInstance: minio_to_snowflake_banking.download_minio scheduled__2026-05-27T19:08:00+00:00 [running]> on host a173230b67f8
[2026-05-27T19:09:01.797+0000] {taskinstance.py:2648} INFO - Exporting env vars: AIRFLOW_CTX_DAG_OWNER='***' AIRFLOW_CTX_DAG_ID='minio_to_snowflake_banking' AIRFLOW_CTX_TASK_ID='download_minio' AIRFLOW_CTX_EXECUTION_DATE='2026-05-27T19:08:00+00:00' AIRFLOW_CTX_TRY_NUMBER='1' AIRFLOW_CTX_DAG_RUN_ID='scheduled__2026-05-27T19:08:00+00:00'
[2026-05-27T19:09:01.797+0000] {taskinstance.py:430} INFO - ::endgroup::
[2026-05-27T19:09:01.905+0000] {logging_mixin.py:188} INFO - Downloaded customers/date=2026-05-27/customers_123439843415.parquet -> /tmp/minio_downloads/customers_123439843415.parquet
[2026-05-27T19:09:01.913+0000] {logging_mixin.py:188} INFO - Downloaded accounts/date=2026-05-27/accounts_122455261257.parquet -> /tmp/minio_downloads/accounts_122455261257.parquet
[2026-05-27T19:09:01.917+0000] {logging_mixin.py:188} INFO - Downloaded accounts/date=2026-05-27/accounts_123453774859.parquet -> /tmp/minio_downloads/accounts_123453774859.parquet
[2026-05-27T19:09:01.923+0000] {logging_mixin.py:188} INFO - Downloaded transactions/date=2026-05-27/transactions_122457959307.parquet -> /tmp/minio_downloads/transactions_122457959307.parquet
[2026-05-27T19:09:01.928+0000] {logging_mixin.py:188} INFO - Downloaded transactions/date=2026-05-27/transactions_122637454602.parquet -> /tmp/minio_downloads/transactions_122637454602.parquet
[2026-05-27T19:09:01.930+0000] {logging_mixin.py:188} INFO - Downloaded transactions/date=2026-05-27/transactions_123507768584.parquet -> /tmp/minio_downloads/transactions_123507768584.parquet
[2026-05-27T19:09:01.931+0000] {python.py:237} INFO - Done. Returned value was: {'customers': ['/tmp/minio_downloads/customers_123439843415.parquet'], 'accounts': ['/tmp/minio_downloads/accounts_122455261257.parquet', '/tmp/minio_downloads/accounts_123453774859.parquet'], 'transactions': ['/tmp/minio_downloads/transactions_122457959307.parquet', '/tmp/minio_downloads/transactions_122637454602.parquet', '/tmp/minio_downloads/transactions_123507768584.parquet']}
[2026-05-27T19:09:01.931+0000] {taskinstance.py:441} INFO - ::group::Post task execution logs
[2026-05-27T19:09:01.939+0000] {taskinstance.py:1206} INFO - Marking task as SUCCESS. dag_id=minio_to_snowflake_banking, task_id=download_minio, run_id=scheduled__2026-05-27T19:08:00+00:00, execution_date=20260527T190800, start_date=20260527T190901, end_date=20260527T190901
[2026-05-27T19:09:01.982+0000] {local_task_job_runner.py:243} INFO - Task exited with return code 0
[2026-05-27T19:09:01.991+0000] {taskinstance.py:3503} INFO - 1 downstream tasks scheduled from follow-on schedule check
[2026-05-27T19:09:01.992+0000] {local_task_job_runner.py:222} INFO - ::endgroup::
