[2026-05-28T13:57:14.707+0000] {local_task_job_runner.py:120} INFO - ::group::Pre task execution logs
[2026-05-28T13:57:14.718+0000] {taskinstance.py:2076} INFO - Dependencies all met for dep_context=non-requeueable deps ti=<TaskInstance: minio_to_snowflake_banking.download_minio manual__2026-05-28T13:57:12.665825+00:00 [queued]>
[2026-05-28T13:57:14.720+0000] {taskinstance.py:2076} INFO - Dependencies all met for dep_context=requeueable deps ti=<TaskInstance: minio_to_snowflake_banking.download_minio manual__2026-05-28T13:57:12.665825+00:00 [queued]>
[2026-05-28T13:57:14.720+0000] {taskinstance.py:2306} INFO - Starting attempt 1 of 1
[2026-05-28T13:57:14.724+0000] {taskinstance.py:2330} INFO - Executing <Task(PythonOperator): download_minio> on 2026-05-28 13:57:12.665825+00:00
[2026-05-28T13:57:14.728+0000] {logging_mixin.py:188} WARNING - /home/***/.local/lib/python3.12/site-packages/***/task/task_runner/standard_task_runner.py:62 DeprecationWarning: This process (pid=362) is multi-threaded, use of fork() may lead to deadlocks in the child.
[2026-05-28T13:57:14.727+0000] {standard_task_runner.py:90} INFO - Running: ['***', 'tasks', 'run', 'minio_to_snowflake_banking', 'download_minio', 'manual__2026-05-28T13:57:12.665825+00:00', '--job-id', '73', '--raw', '--subdir', 'DAGS_FOLDER/minio_to_snowflake_dag.py', '--cfg-path', '/tmp/tmpn2ohk_7q']
[2026-05-28T13:57:14.728+0000] {standard_task_runner.py:91} INFO - Job 73: Subtask download_minio
[2026-05-28T13:57:14.728+0000] {standard_task_runner.py:64} INFO - Started process 379 to run task
[2026-05-28T13:57:14.757+0000] {task_command.py:426} INFO - Running <TaskInstance: minio_to_snowflake_banking.download_minio manual__2026-05-28T13:57:12.665825+00:00 [running]> on host a173230b67f8
[2026-05-28T13:57:14.785+0000] {taskinstance.py:2648} INFO - Exporting env vars: AIRFLOW_CTX_DAG_OWNER='***' AIRFLOW_CTX_DAG_ID='minio_to_snowflake_banking' AIRFLOW_CTX_TASK_ID='download_minio' AIRFLOW_CTX_EXECUTION_DATE='2026-05-28T13:57:12.665825+00:00' AIRFLOW_CTX_TRY_NUMBER='1' AIRFLOW_CTX_DAG_RUN_ID='manual__2026-05-28T13:57:12.665825+00:00'
[2026-05-28T13:57:14.785+0000] {taskinstance.py:430} INFO - ::endgroup::
[2026-05-28T13:57:14.912+0000] {logging_mixin.py:188} INFO - Downloaded customers/date=2026-05-27/customers_203627294205.parquet -> /tmp/minio_downloads/customers_203627294205.parquet
[2026-05-28T13:57:14.916+0000] {logging_mixin.py:188} INFO - Downloaded customers/date=2026-05-28/customers_144426478307.parquet -> /tmp/minio_downloads/customers_144426478307.parquet
[2026-05-28T13:57:14.919+0000] {logging_mixin.py:188} INFO - Downloaded customers/date=2026-05-28/customers_145628398590.parquet -> /tmp/minio_downloads/customers_145628398590.parquet
[2026-05-28T13:57:14.932+0000] {logging_mixin.py:188} INFO - Downloaded accounts/date=2026-05-27/accounts_203641251110.parquet -> /tmp/minio_downloads/accounts_203641251110.parquet
[2026-05-28T13:57:14.935+0000] {logging_mixin.py:188} INFO - Downloaded accounts/date=2026-05-28/accounts_144430443172.parquet -> /tmp/minio_downloads/accounts_144430443172.parquet
[2026-05-28T13:57:14.943+0000] {logging_mixin.py:188} INFO - Downloaded transactions/date=2026-05-27/transactions_203655254172.parquet -> /tmp/minio_downloads/transactions_203655254172.parquet
[2026-05-28T13:57:14.948+0000] {logging_mixin.py:188} INFO - Downloaded transactions/date=2026-05-28/transactions_144434380750.parquet -> /tmp/minio_downloads/transactions_144434380750.parquet
[2026-05-28T13:57:14.953+0000] {logging_mixin.py:188} INFO - Downloaded transactions/date=2026-05-28/transactions_145643212134.parquet -> /tmp/minio_downloads/transactions_145643212134.parquet
[2026-05-28T13:57:14.953+0000] {python.py:237} INFO - Done. Returned value was: {'customers': ['/tmp/minio_downloads/customers_203627294205.parquet', '/tmp/minio_downloads/customers_144426478307.parquet', '/tmp/minio_downloads/customers_145628398590.parquet'], 'accounts': ['/tmp/minio_downloads/accounts_203641251110.parquet', '/tmp/minio_downloads/accounts_144430443172.parquet'], 'transactions': ['/tmp/minio_downloads/transactions_203655254172.parquet', '/tmp/minio_downloads/transactions_144434380750.parquet', '/tmp/minio_downloads/transactions_145643212134.parquet']}
[2026-05-28T13:57:14.953+0000] {taskinstance.py:441} INFO - ::group::Post task execution logs
[2026-05-28T13:57:14.964+0000] {taskinstance.py:1206} INFO - Marking task as SUCCESS. dag_id=minio_to_snowflake_banking, task_id=download_minio, run_id=manual__2026-05-28T13:57:12.665825+00:00, execution_date=20260528T135712, start_date=20260528T135714, end_date=20260528T135714
[2026-05-28T13:57:14.993+0000] {local_task_job_runner.py:243} INFO - Task exited with return code 0
[2026-05-28T13:57:15.002+0000] {taskinstance.py:3503} INFO - 1 downstream tasks scheduled from follow-on schedule check
[2026-05-28T13:57:15.003+0000] {local_task_job_runner.py:222} INFO - ::endgroup::
